D:\akai\cpa2002v004>type in\co
c---------------------------------- 0----------------------------------
 go    data/co
 hcp    0. , , , , , ,
 0.001  2.0  nrl  mjwasa  mag 2nd
 update 5 40 0.034
 1
 Co  1  0  0  2   27   100
 2
   0.00000  0.00000  0.00000   Co
   0.333333333333333a 0.666666666666666b 0.5c  Co


D:\akai\cpa2002v004>specx<in\co
 16-Sep-2002
    meshr  mse    ng     mxl
      400     35     15      3



   data read in
   go=go   file=data/co
   brvtyp=hcp  a=  0.00000  c/a=0.00000  b/a=0.00000
   alpha=  0.0  beta=  0.0  gamma=  0.0
   edelt= 0.0010  ewidth=  2.000  reltyp=nrl    sdftyp=mjwasa     magtyp=mag
   record=2nd   outtyp=update  bzqlty=5   maxitr= 40  pmix=0.03400
   ntyp= 1  natm= 2  ncmpx= 1


   complex energy mesh
   1( -2.0000, 0.0000)   2( -1.9998, 0.0041)   3( -1.9989, 0.0095)
   4( -1.9965, 0.0168)   5( -1.9913, 0.0263)   6( -1.9810, 0.0388)
   7( -1.9620, 0.0546)   8( -1.9286, 0.0742)   9( -1.8730, 0.0976)
  10( -1.7856, 0.1238)  11( -1.6574, 0.1507)  12( -1.4839, 0.1750)
  13( -1.2692, 0.1926)  14( -1.0291, 0.1999)  15( -0.7873, 0.1954)
  16( -0.5679, 0.1804)  17( -0.3876, 0.1581)  18( -0.2518, 0.1327)
  19( -0.1569, 0.1076)  20( -0.0946, 0.0849)  21( -0.0555, 0.0657)
  22( -0.0319, 0.0501)  23( -0.0181, 0.0378)  24( -0.0101, 0.0284)
  25( -0.0056, 0.0212)  26( -0.0031, 0.0157)  27( -0.0017, 0.0116)
  28( -0.0009, 0.0086)  29( -0.0005, 0.0064)  30( -0.0003, 0.0047)
  31( -0.0001, 0.0035)  32( -0.0001, 0.0026)  33(  0.0000, 0.0019)
  34(  0.0000, 0.0014)  35(  0.0000, 0.0010)

   file to be accessed=data/co
   created

   lattice constant
   bravais=hcp   a=  4.62457   c/a=1.6330   b/a=1.0000
   alpha=  90.00   beta=  90.00   gamma= 120.00

   primitive translation vectors
   a=(  0.50000 -0.86603  0.00000)
   b=(  0.50000  0.86603  0.00000)
   c=(  0.00000  0.00000  1.63299)

   type of site
   type=Co        rmt=0.55267  field=  0.000   lmxtyp=  2
                  component= 1  anclr=  27.  conc= 1.0000

   atoms in the unit cell
   position=   0.00000000   0.00000000   0.00000000  type=Co
   position=   0.50000000   0.28867513   0.81649658  type=Co

 ***wrn in spmain...eof detected; data generated
 ***msg in spmain...new ew, ez generated
   ew=  -0.30001  ez=   1.20000

   preta= 0.25132  eta= 0.25132
   isymop= 1 1 1 1 1 1 1 1 1 1 1 1 0 0 0 0 0 0 0 0 0 0 0 0

   last= 243   np= 30   nt= 147   nrpt= 155   nk=   84   nd=   3

   itr=  1      rms error = -1.794
   itr=  2      rms error = -2.311
   itr=  3      rms error = -2.762
   itr=  4      rms error = -3.149
   itr=  5      rms error = -3.805
   itr=  6      rms error = -3.765
   itr=  7      rms error = -4.515
   itr=  8      rms error = -4.886
   itr=  9      rms error = -5.377
   itr= 10      rms error = -5.747
   itr= 11      rms error = -6.531
   interval= 11     cpu time=      0.05 sec

         nl      cnf         energy
    -----------------------------------
         1s     2.000       -551.3043
         2s     2.000        -64.8388
         2p     6.000        -56.3829
         3s     2.000         -7.3868
         3p     6.000         -4.8596
         3d     7.000         -0.7261
         4s     2.000         -0.5094



   record 1 will be overlaied by input and
   record 2 will be replaced by new output.

   core configuration for Z= 27
   state  1s 2s 2p 3s 3p 3d 4s 4p 4d 5s 5p 4f 5d 6s 6p 5f 6d 7s
    up     1  1  3  1  3  0  0  0  0  0  0  0  0  0  0  0  0  0
   down    1  1  3  1  3  0  0  0  0  0  0  0  0  0  0  0  0  0

   ***** self-consistent iteration starts *****
      Co_2
   itr=  1 neu=  3.5656  moment= -0.0632  te=  -5520.7456538  err=  0.564
   itr=  2 neu=  0.4833  moment= -0.0294  te=  -5521.3078826  err= -0.044
   itr=  3 neu=  0.4460  moment= -0.0909  te=  -5521.2520601  err=  0.005
   itr=  4 neu=  2.7009  moment=  0.2153  te=  -5521.3639747  err= -0.073
   itr=  5 neu=  2.4922  moment=  0.0766  te=  -5521.4638890  err= -0.244
   itr=  6 neu=  2.2295  moment=  0.8038  te=  -5521.5100251  err= -0.338
   itr=  7 neu=  1.6986  moment=  1.5226  te=  -5521.5266002  err= -0.281
   itr=  8 neu=  0.9209  moment=  2.1129  te=  -5521.5134510  err= -0.199
 ***wrn in spmain...ebtm<ew-ez; iteration stopped
   interval=  9     cpu time=     38.43 sec
   sdftyp=mjw     reltyp=nrl     dmpc=0.034
      Co_2
   itr=  9  neu  0.9209  chr,spn 18.0000  2.1129  intc,ints  0.0000  0.0000
   rms err= -0.239 -0.199
   ef=   0.4798603   0.4798603  def=   9.6498777  20.2720928
   total energy=  -5521.5134510







                             *** type-Co       Co (z= 27.0) ***
   core charge in the muffin-tin sphere =18.0000000
   valence charge in the cell (spin up  ) =     0.31090(s)   0.36854(p)   4.34879(d)
   valence charge in the cell (spin down) =     0.31654(s)   0.38963(p)   3.26560(d)
   total charge=  27.00000   valence charge (up/down)=   5.02824   3.97176
   spin moment=   1.05647  orbital moment=   0.00000

   core level  (spin up  )
      -550.1831033 Ry(1s)       -63.7272070 Ry(2s)       -55.2703104 Ry(2p)
        -6.2494463 Ry(3s)        -3.7252385 Ry(3p)
   core level  (spin down)
      -550.1827096 Ry(1s)       -63.7015990 Ry(2s)       -55.2507786 Ry(2p)
        -6.2017538 Ry(3s)        -3.6788398 Ry(3p)

   hyperfine field of Co
      -88.377 KG (core=   -60.606 KG  valence=   -27.771 KG )
   core contribution
      -6.201 KG(1s)    -134.758 KG(2s)      80.353 KG(3s)

   charge density at the nucleus
       13267.8199 (core=    13261.8085  valence=        6.0115 )
   core contribution
       11998.2626(1s)        1102.5897(2s)         160.9561(3s)





 sbtime report
  routine           1         2         3         4
  count          1344      1344      1344        16
  cpu(sec)      22.51     12.28      1.60      0.03

 cpu used        41.55 sec



D:\akai\cpa2002v004>specx<in\co
 16-Sep-2002
    meshr  mse    ng     mxl
      400     35     15      3



   data read in
   go=go   file=data/co
   brvtyp=hcp  a=  0.00000  c/a=0.00000  b/a=0.00000
   alpha=  0.0  beta=  0.0  gamma=  0.0
   edelt= 0.0010  ewidth=  2.000  reltyp=nrl    sdftyp=mjwasa     magtyp=mag
   record=2nd   outtyp=update  bzqlty=5   maxitr= 40  pmix=0.03400
   ntyp= 1  natm= 2  ncmpx= 1


   complex energy mesh
   1( -2.0000, 0.0000)   2( -1.9998, 0.0041)   3( -1.9989, 0.0095)
   4( -1.9965, 0.0168)   5( -1.9913, 0.0263)   6( -1.9810, 0.0388)
   7( -1.9620, 0.0546)   8( -1.9286, 0.0742)   9( -1.8730, 0.0976)
  10( -1.7856, 0.1238)  11( -1.6574, 0.1507)  12( -1.4839, 0.1750)
  13( -1.2692, 0.1926)  14( -1.0291, 0.1999)  15( -0.7873, 0.1954)
  16( -0.5679, 0.1804)  17( -0.3876, 0.1581)  18( -0.2518, 0.1327)
  19( -0.1569, 0.1076)  20( -0.0946, 0.0849)  21( -0.0555, 0.0657)
  22( -0.0319, 0.0501)  23( -0.0181, 0.0378)  24( -0.0101, 0.0284)
  25( -0.0056, 0.0212)  26( -0.0031, 0.0157)  27( -0.0017, 0.0116)
  28( -0.0009, 0.0086)  29( -0.0005, 0.0064)  30( -0.0003, 0.0047)
  31( -0.0001, 0.0035)  32( -0.0001, 0.0026)  33(  0.0000, 0.0019)
  34(  0.0000, 0.0014)  35(  0.0000, 0.0010)

   file to be accessed=data/co

   lattice constant
   bravais=hcp   a=  4.62457   c/a=1.6330   b/a=1.0000
   alpha=  90.00   beta=  90.00   gamma= 120.00

   primitive translation vectors
   a=(  0.50000 -0.86603  0.00000)
   b=(  0.50000  0.86603  0.00000)
   c=(  0.00000  0.00000  1.63299)

   type of site
   type=Co        rmt=0.55267  field=  0.000   lmxtyp=  2
                  component= 1  anclr=  27.  conc= 1.0000

   atoms in the unit cell
   position=   0.00000000   0.00000000   0.00000000  type=Co
   position=   0.50000000   0.28867513   0.81649658  type=Co

 ***msg in spmain...new ew, ez generated
   ew=  -0.52015  ez=   1.20000

   preta= 0.25132  eta= 0.25132
   isymop= 1 1 1 1 1 1 1 1 1 1 1 1 0 0 0 0 0 0 0 0 0 0 0 0

   last= 243   np= 27   nt= 147   nrpt= 155   nk=   84   nd=   3

   record 1 will be overlaied by input and
   record 2 will be replaced by new output.

   core configuration for Z= 27
   state  1s 2s 2p 3s 3p 3d 4s 4p 4d 5s 5p 4f 5d 6s 6p 5f 6d 7s
    up     1  1  3  1  3  0  0  0  0  0  0  0  0  0  0  0  0  0
   down    1  1  3  1  3  0  0  0  0  0  0  0  0  0  0  0  0  0

   ***** self-consistent iteration starts *****
      Co_2
   itr=  1 neu= -1.2573  moment=  1.8410  te=  -5521.5110784  err= -0.213
   itr=  2 neu=  0.3100  moment=  2.0061  te=  -5521.5061503  err= -0.252
   itr=  3 neu= -0.8906  moment=  2.5479  te=  -5521.5217675  err= -0.310
   itr=  4 neu= -0.6180  moment=  3.0968  te=  -5521.5285525  err= -0.369
   itr=  5 neu= -0.7330  moment=  3.4397  te=  -5521.5358803  err= -0.455
   itr=  6 neu= -0.6675  moment=  3.4449  te=  -5521.5345386  err= -0.609
   itr=  7 neu= -0.3745  moment=  3.3375  te=  -5521.5309891  err= -0.701
   itr=  8 neu= -0.0979  moment=  3.2977  te=  -5521.5286804  err= -0.791
   itr=  9 neu= -0.0274  moment=  3.2850  te=  -5521.5291684  err= -0.880
   itr= 10 neu= -0.0174  moment=  3.2157  te=  -5521.5298747  err= -0.924
   itr= 11 neu=  0.0026  moment=  3.1534  te=  -5521.5301328  err= -0.966
   itr= 12 neu= -0.0367  moment=  3.1083  te=  -5521.5302355  err= -1.013
   itr= 13 neu= -0.0588  moment=  3.1049  te=  -5521.5303754  err= -1.078
   itr= 14 neu= -0.0880  moment=  3.1215  te=  -5521.5306385  err= -1.164
   itr= 15 neu= -0.0951  moment=  3.1394  te=  -5521.5309484  err= -1.256
   itr= 16 neu= -0.0791  moment=  3.1528  te=  -5521.5311502  err= -1.353
   itr= 17 neu= -0.0592  moment=  3.1684  te=  -5521.5313224  err= -1.473
   itr= 18 neu= -0.0479  moment=  3.1747  te=  -5521.5314560  err= -1.605
   itr= 19 neu= -0.0334  moment=  3.1763  te=  -5521.5315489  err= -1.755
   itr= 20 neu= -0.0225  moment=  3.1736  te=  -5521.5316154  err= -1.866
   itr= 21 neu= -0.0139  moment=  3.1692  te=  -5521.5316605  err= -1.967
   itr= 22 neu= -0.0087  moment=  3.1648  te=  -5521.5316908  err= -2.073
   itr= 23 neu= -0.0059  moment=  3.1612  te=  -5521.5317114  err= -2.182
   itr= 24 neu= -0.0047  moment=  3.1589  te=  -5521.5317268  err= -2.287
   itr= 25 neu= -0.0043  moment=  3.1578  te=  -5521.5317402  err= -2.358
   itr= 26 neu= -0.0042  moment=  3.1577  te=  -5521.5317531  err= -2.437
   itr= 27 neu= -0.0041  moment=  3.1581  te=  -5521.5317658  err= -2.536
   itr= 28 neu= -0.0038  moment=  3.1588  te=  -5521.5317777  err= -2.658
   itr= 29 neu= -0.0034  moment=  3.1596  te=  -5521.5317882  err= -2.802
   itr= 30 neu= -0.0027  moment=  3.1601  te=  -5521.5317969  err= -2.943
   itr= 31 neu= -0.0021  moment=  3.1605  te=  -5521.5318035  err= -3.103
   itr= 32 neu= -0.0014  moment=  3.1606  te=  -5521.5318082  err= -3.278
   itr= 33 neu= -0.0009  moment=  3.1606  te=  -5521.5318112  err= -3.463
   itr= 34 neu= -0.0005  moment=  3.1605  te=  -5521.5318130  err= -3.655
   itr= 35 neu= -0.0003  moment=  3.1604  te=  -5521.5318139  err= -3.798
   itr= 36 neu= -0.0001  moment=  3.1602  te=  -5521.5318144  err= -3.910
   itr= 37 neu= -0.0001  moment=  3.1601  te=  -5521.5318147  err= -4.029
   itr= 38 neu= -0.0001  moment=  3.1601  te=  -5521.5318149  err= -4.157
   itr= 39 neu= -0.0001  moment=  3.1600  te=  -5521.5318151  err= -4.249
   itr= 40 neu= -0.0001  moment=  3.1601  te=  -5521.5318153  err= -4.328
   *** no convergence
   interval= 40     cpu time=    182.79 sec
   sdftyp=mjw     reltyp=nrl     dmpc=0.034
      Co_2
   itr= 40  neu -0.0001  chr,spn 18.0000  3.1601  intc,ints  0.0000  0.0000
   rms err= -4.435 -4.328
   ef=   0.5997967   0.5997967  def=   7.8107445  22.3693358
   total energy=  -5521.5318153







                             *** type-Co       Co (z= 27.0) ***
   core charge in the muffin-tin sphere =18.0000000
   valence charge in the cell (spin up  ) =     0.31361(s)   0.36428(p)   4.61213(d)
   valence charge in the cell (spin down) =     0.32693(s)   0.41737(p)   2.96568(d)
   total charge=  27.00000   valence charge (up/down)=   5.29001   3.70999
   spin moment=   1.58003  orbital moment=   0.00000

   core level  (spin up  )
      -550.0126108 Ry(1s)       -63.5950812 Ry(2s)       -55.1295909 Ry(2p)
        -6.1830124 Ry(3s)        -3.6591288 Ry(3p)
   core level  (spin down)
      -550.0121439 Ry(1s)       -63.5186570 Ry(2s)       -55.0716008 Ry(2p)
        -6.0418639 Ry(3s)        -3.5222474 Ry(3p)

   hyperfine field of Co
     -228.033 KG (core=  -167.323 KG  valence=   -60.710 KG )
   core contribution
     -16.867 KG(1s)    -408.187 KG(2s)     257.731 KG(3s)

   charge density at the nucleus
       13267.2248 (core=    13261.0229  valence=        6.2019 )
   core contribution
       11998.2318(1s)        1102.3914(2s)         160.3997(3s)





 sbtime report
  routine           1         2         3         4
  count          6720      6720      6720        80
  cpu(sec)     104.82     61.18      7.43      0.27

 cpu used       185.79 sec



D:\akai\cpa2002v004>cd util

D:\akai\cpa2002v004\util>type co.fmg
../data/co 1
../data/co 1  -1

D:\akai\cpa2002v004\util>fmg<co.fmg
 na,nb  1  2
 ni     1  1
 ip1    1  2
 ip2    2  1

   file to be accessed=../data/co
 1st record read in successfully
 2nd record read in successfully

   file to be accessed=../data/co
 1st record written on successfully
 2nd record written on successfully

D:\akai\cpa2002v004\util>cd ..

D:\akai\cpa2002v004>type in\co2
c---------------------------------- 0----------------------------------
 go    data/co
 hcp    0. , , , , , ,
 0.001  1.0  nrl  mjwasa  mag 2nd
 update 4 40 0.034
 1
 Co  2  0  0  2   27    50
                  27    50
 2
   0.00000  0.00000  0.00000   Co
   0.333333333333333a 0.666666666666666b 0.5c  Co


D:\akai\cpa2002v004>specx<in\co2
 16-Sep-2002
    meshr  mse    ng     mxl
      400     35     15      3



   data read in
   go=go   file=data/co
   brvtyp=hcp  a=  0.00000  c/a=0.00000  b/a=0.00000
   alpha=  0.0  beta=  0.0  gamma=  0.0
   edelt= 0.0010  ewidth=  1.000  reltyp=nrl    sdftyp=mjwasa     magtyp=mag
   record=2nd   outtyp=update  bzqlty=4   maxitr= 40  pmix=0.03400
   ntyp= 1  natm= 2  ncmpx= 2


   complex energy mesh
   1( -1.0000, 0.0000)   2( -0.9998, 0.0027)   3( -0.9990, 0.0062)
   4( -0.9971, 0.0107)   5( -0.9933, 0.0163)   6( -0.9862, 0.0234)
   7( -0.9738, 0.0319)   8( -0.9535, 0.0421)   9( -0.9220, 0.0536)
  10( -0.8757, 0.0660)  11( -0.8117, 0.0782)  12( -0.7292, 0.0889)
  13( -0.6307, 0.0965)  14( -0.5224, 0.0999)  15( -0.4130, 0.0985)
  16( -0.3115, 0.0926)  17( -0.2245, 0.0835)  18( -0.1553, 0.0724)
  19( -0.1037, 0.0610)  20( -0.0671, 0.0500)  21( -0.0424, 0.0403)
  22( -0.0262, 0.0320)  23( -0.0160, 0.0251)  24( -0.0096, 0.0195)
  25( -0.0057, 0.0151)  26( -0.0034, 0.0116)  27( -0.0020, 0.0089)
  28( -0.0012, 0.0069)  29( -0.0007, 0.0052)  30( -0.0004, 0.0040)
  31( -0.0002, 0.0031)  32( -0.0001, 0.0023)  33( -0.0001, 0.0018)
  34(  0.0000, 0.0014)  35(  0.0000, 0.0010)

   file to be accessed=data/co

   lattice constant
   bravais=hcp   a=  4.62457   c/a=1.6330   b/a=1.0000
   alpha=  90.00   beta=  90.00   gamma= 120.00

   primitive translation vectors
   a=(  0.50000 -0.86603  0.00000)
   b=(  0.50000  0.86603  0.00000)
   c=(  0.00000  0.00000  1.63299)

   type of site
   type=Co        rmt=0.55267  field=  0.000   lmxtyp=  2
                  component= 1  anclr=  27.  conc= 0.5000
                  component= 2  anclr=  27.  conc= 0.5000

   atoms in the unit cell
   position=   0.00000000   0.00000000   0.00000000  type=Co
   position=   0.50000000   0.28867513   0.81649658  type=Co

 ***msg in spmain...new ew, ez generated
   ew=   0.09977  ez=   0.70000

   preta= 0.25132  eta= 0.25132
   isymop= 1 1 1 1 1 1 1 1 1 1 1 1 0 0 0 0 0 0 0 0 0 0 0 0

   last= 243   np= 28   nt= 147   nrpt= 155   nk=   50   nd=   3

   record 1 will be overlaied by input and
   record 2 will be replaced by new output.

   core configuration for Z= 27
   state  1s 2s 2p 3s 3p 3d 4s 4p 4d 5s 5p 4f 5d 6s 6p 5f 6d 7s
    up     1  1  3  1  3  0  0  0  0  0  0  0  0  0  0  0  0  0
   down    1  1  3  1  3  0  0  0  0  0  0  0  0  0  0  0  0  0

   core configuration for Z= 27
   state  1s 2s 2p 3s 3p 3d 4s 4p 4d 5s 5p 4f 5d 6s 6p 5f 6d 7s
    up     1  1  3  1  3  0  0  0  0  0  0  0  0  0  0  0  0  0
   down    1  1  3  1  3  0  0  0  0  0  0  0  0  0  0  0  0  0

   ***** self-consistent iteration starts *****
      Co_2
   itr=  1 neu= -0.7995  moment=  0.0000  te=  -5521.5137532  err= -1.149
   itr=  2 neu=  0.1554  moment=  0.0000  te=  -5521.5093873  err= -1.273
   itr=  3 neu=  0.1837  moment=  0.0000  te=  -5521.5106831  err= -1.439
   itr=  4 neu=  0.1784  moment=  0.0000  te=  -5521.5113173  err= -1.643
   itr=  5 neu=  0.1444  moment=  0.0000  te=  -5521.5113678  err= -1.879
   itr=  6 neu=  0.1034  moment=  0.0000  te=  -5521.5111807  err= -2.030
   itr=  7 neu=  0.0659  moment=  0.0000  te=  -5521.5109739  err= -2.151
   itr=  8 neu=  0.0353  moment=  0.0000  te=  -5521.5108304  err= -2.224
   itr=  9 neu=  0.0124  moment=  0.0000  te=  -5521.5107629  err= -2.089
   itr= 10 neu= -0.0033  moment=  0.0000  te=  -5521.5107552  err= -2.079
   itr= 11 neu= -0.0124  moment=  0.0000  te=  -5521.5107835  err= -2.149
   itr= 12 neu= -0.0164  moment=  0.0000  te=  -5521.5108277  err= -2.280
   itr= 13 neu= -0.0167  moment=  0.0000  te=  -5521.5108743  err= -2.456
   itr= 14 neu= -0.0148  moment=  0.0000  te=  -5521.5109159  err= -2.663
   itr= 15 neu= -0.0120  moment=  0.0000  te=  -5521.5109498  err= -2.870
   itr= 16 neu= -0.0090  moment=  0.0000  te=  -5521.5109754  err= -3.043
   itr= 17 neu= -0.0063  moment=  0.0000  te=  -5521.5109939  err= -3.339
   itr= 18 neu= -0.0043  moment=  0.0000  te=  -5521.5110064  err= -3.504
   itr= 19 neu= -0.0027  moment=  0.0000  te=  -5521.5110144  err= -3.497
   itr= 20 neu= -0.0017  moment=  0.0000  te=  -5521.5110192  err= -3.592
   itr= 21 neu= -0.0010  moment=  0.0000  te=  -5521.5110218  err= -3.808
   itr= 22 neu= -0.0005  moment=  0.0000  te=  -5521.5110230  err= -4.026
   itr= 23 neu= -0.0002  moment=  0.0000  te=  -5521.5110231  err= -3.902
   itr= 24 neu=  0.0001  moment=  0.0000  te=  -5521.5110227  err= -3.821
   itr= 25 neu=  0.0003  moment=  0.0000  te=  -5521.5110218  err= -3.846
   itr= 26 neu=  0.0004  moment=  0.0000  te=  -5521.5110207  err= -3.948
   itr= 27 neu=  0.0004  moment=  0.0000  te=  -5521.5110196  err= -4.108
   itr= 28 neu=  0.0004  moment=  0.0000  te=  -5521.5110186  err= -4.315
   itr= 29 neu=  0.0003  moment=  0.0000  te=  -5521.5110177  err= -4.394
   itr= 30 neu=  0.0002  moment=  0.0000  te=  -5521.5110171  err= -4.581
   itr= 31 neu=  0.0002  moment=  0.0000  te=  -5521.5110167  err= -4.716
   itr= 32 neu=  0.0001  moment=  0.0000  te=  -5521.5110165  err= -4.602
   itr= 33 neu=  0.0000  moment=  0.0000  te=  -5521.5110164  err= -4.579
   itr= 34 neu=  0.0000  moment=  0.0000  te=  -5521.5110165  err= -4.641
   itr= 35 neu= -0.0001  moment=  0.0000  te=  -5521.5110166  err= -4.768
   itr= 36 neu= -0.0001  moment=  0.0000  te=  -5521.5110168  err= -4.945
   itr= 37 neu= -0.0001  moment=  0.0000  te=  -5521.5110170  err= -5.172
   itr= 38 neu= -0.0001  moment=  0.0000  te=  -5521.5110171  err= -5.261
   itr= 39 neu=  0.0000  moment=  0.0000  te=  -5521.5110173  err= -5.284
   itr= 40 neu=  0.0000  moment=  0.0000  te=  -5521.5110173  err= -5.387
   *** no convergence
   interval= 40     cpu time=    389.43 sec
   sdftyp=mjw     reltyp=nrl     dmpc=0.034
      Co_2
   itr= 40  neu  0.0000  chr,spn 18.0000  0.0000  intc,ints  0.0000  0.0000
   rms err= -5.387 -5.514 -5.514 -5.387
   ef=   0.6036353   0.6036353  def=  32.8476870  32.8476870
   total energy=  -5521.5110173







                             *** type-Co       Co (z= 27.0) ***
   core charge in the muffin-tin sphere =18.0000000
   valence charge in the cell (spin up  ) =     0.31967(s)   0.39155(p)   4.24432(d)
   valence charge in the cell (spin down) =     0.31456(s)   0.38466(p)   3.34523(d)
   total charge=  27.00000   valence charge (up/down)=   4.95554   4.04446
   spin moment=   0.91108  orbital moment=   0.00000

   core level  (spin up  )
      -550.0232081 Ry(1s)       -63.5886434 Ry(2s)       -55.1274042 Ry(2p)
        -6.1579875 Ry(3s)        -3.6348451 Ry(3p)
   core level  (spin down)
      -550.0226732 Ry(1s)       -63.5476680 Ry(2s)       -55.0962053 Ry(2p)
        -6.0819562 Ry(3s)        -3.5609547 Ry(3p)

   hyperfine field of Co
      -53.010 KG (core=   -92.484 KG  valence=    39.474 KG )
   core contribution
      -9.680 KG(1s)    -217.464 KG(2s)     134.660 KG(3s)

   charge density at the nucleus
       13267.2323 (core=    13261.0945  valence=        6.1378 )
   core contribution
       11998.2268(1s)        1102.3887(2s)         160.4790(3s)



                             *** type-Co       Co (z= 27.0) ***
   core charge in the muffin-tin sphere =18.0000000
   valence charge in the cell (spin up  ) =     0.31456(s)   0.38466(p)   3.34523(d)
   valence charge in the cell (spin down) =     0.31967(s)   0.39155(p)   4.24432(d)
   total charge=  27.00000   valence charge (up/down)=   4.04446   4.95554
   spin moment=  -0.91108  orbital moment=   0.00000

   core level  (spin up  )
      -550.0226732 Ry(1s)       -63.5476680 Ry(2s)       -55.0962053 Ry(2p)
        -6.0819562 Ry(3s)        -3.5609547 Ry(3p)
   core level  (spin down)
      -550.0232081 Ry(1s)       -63.5886434 Ry(2s)       -55.1274042 Ry(2p)
        -6.1579875 Ry(3s)        -3.6348451 Ry(3p)

   hyperfine field of Co
       53.010 KG (core=    92.484 KG  valence=   -39.474 KG )
   core contribution
       9.680 KG(1s)     217.464 KG(2s)    -134.660 KG(3s)

   charge density at the nucleus
       13267.2323 (core=    13261.0945  valence=        6.1378 )
   core contribution
       11998.2268(1s)        1102.3887(2s)         160.4790(3s)





 sbtime report
  routine           1         2         3         4
  count         26800     26800     26800        80
  cpu(sec)     224.73    124.74     15.95      0.34

 cpu used       393.73 sec



